eval: pretrained TabPFN R2 0.3492
step   10 loss 1.1474 task 1.1040 aux 0.4343826174736023 alpha +0.003 |abs| 0.064 (62s)
step   20 loss 0.9838 task 0.9415 aux 0.4231927692890167 alpha +0.008 |abs| 0.201 (125s)
step   30 loss 1.2859 task 1.2412 aux 0.4473409652709961 alpha +0.005 |abs| 0.341 (182s)
step   40 loss 1.1648 task 1.1183 aux 0.46487435698509216 alpha +0.001 |abs| 0.472 (249s)
step   50 loss 0.9384 task 0.8948 aux 0.43633851408958435 alpha -0.003 |abs| 0.585 (314s)
eval @ 50: TabPFN-M R2 0.3482 (pretrained TabPFN 0.3492); alphas [0.03, -0.02, 0.04, 0.03, -0.02, -0.04, -0.02, -0.1, -0.05, -0.02, -0.08, 0.06, 0.03, -0.04, -0.02, 0.02, 0.09, 0.04]
step   60 loss 0.9118 task 0.8695 aux 0.4228285253047943 alpha -0.004 |abs| 0.721 (394s)
step   70 loss 1.1906 task 1.1480 aux 0.4267676770687103 alpha -0.006 |abs| 0.808 (460s)
step   80 loss 1.0320 task 0.9919 aux 0.4013642370700836 alpha -0.006 |abs| 0.843 (527s)
step   90 loss 1.2089 task 1.1618 aux 0.47086313366889954 alpha -0.005 |abs| 0.896 (587s)
step  100 loss 1.2137 task 1.1669 aux 0.4676017463207245 alpha -0.006 |abs| 0.931 (651s)
eval @ 100: TabPFN-M R2 0.3481 (pretrained TabPFN 0.3492); alphas [0.05, -0.02, 0.06, 0.05, 0.0, -0.05, -0.03, -0.17, -0.09, -0.1, -0.14, 0.05, 0.1, -0.05, -0.04, 0.02, 0.18, 0.04]
step  110 loss 1.1603 task 1.1187 aux 0.41596153378486633 alpha -0.007 |abs| 0.955 (735s)
step  120 loss 1.3597 task 1.3185 aux 0.4120213985443115 alpha -0.010 |abs| 1.002 (797s)
step  130 loss 1.0565 task 1.0166 aux 0.39954251050949097 alpha -0.011 |abs| 1.057 (856s)
step  140 loss 1.2124 task 1.1694 aux 0.43013566732406616 alpha -0.008 |abs| 1.104 (918s)
step  150 loss 0.9436 task 0.9004 aux 0.431835412979126 alpha -0.007 |abs| 1.172 (955s)
eval @ 150: TabPFN-M R2 0.3480 (pretrained TabPFN 0.3492); alphas [0.09, -0.01, 0.13, 0.07, -0.02, -0.09, -0.06, -0.21, -0.14, -0.12, -0.19, 0.1, 0.1, -0.11, -0.02, 0.01, 0.27, 0.06]
step  160 loss 1.2406 task 1.1974 aux 0.43214094638824463 alpha -0.007 |abs| 1.189 (994s)
step  170 loss 1.0600 task 1.0181 aux 0.4187714755535126 alpha -0.006 |abs| 1.212 (1021s)
step  180 loss 0.8808 task 0.8416 aux 0.39247649908065796 alpha -0.003 |abs| 1.236 (1048s)
step  190 loss 1.1745 task 1.1306 aux 0.43890395760536194 alpha -0.003 |abs| 1.253 (1074s)
step  200 loss 1.0223 task 0.9812 aux 0.41074928641319275 alpha -0.004 |abs| 1.270 (1101s)
eval @ 200: TabPFN-M R2 0.3480 (pretrained TabPFN 0.3492); alphas [0.12, 0.0, 0.16, 0.07, -0.02, -0.1, -0.07, -0.23, -0.16, -0.13, -0.2, 0.12, 0.12, -0.14, -0.01, 0.01, 0.32, 0.08]
step  210 loss 0.8132 task 0.7702 aux 0.4300318658351898 alpha -0.004 |abs| 1.286 (1141s)
step  220 loss 0.8758 task 0.8341 aux 0.41737064719200134 alpha -0.004 |abs| 1.296 (1173s)
step  230 loss 1.0641 task 1.0224 aux 0.4165205657482147 alpha -0.004 |abs| 1.312 (1204s)
step  240 loss 1.1633 task 1.1203 aux 0.4305288791656494 alpha -0.003 |abs| 1.319 (1230s)
step  250 loss 1.0672 task 1.0261 aux 0.41092801094055176 alpha -0.004 |abs| 1.322 (1256s)
eval @ 250: TabPFN-M R2 0.3479 (pretrained TabPFN 0.3492); alphas [0.13, 0.01, 0.17, 0.07, -0.02, -0.1, -0.07, -0.24, -0.17, -0.14, -0.2, 0.13, 0.13, -0.16, -0.02, 0.01, 0.33, 0.09]
step  260 loss 0.8676 task 0.8235 aux 0.4416424334049225 alpha -0.003 |abs| 1.324 (1290s)
step  270 loss 1.1493 task 1.1071 aux 0.4217931926250458 alpha -0.003 |abs| 1.325 (1320s)
step  280 loss 1.0910 task 1.0483 aux 0.42685264348983765 alpha -0.003 |abs| 1.326 (1351s)
step  290 loss 1.0690 task 1.0286 aux 0.4036799967288971 alpha -0.003 |abs| 1.326 (1381s)
step  300 loss 0.8256 task 0.7821 aux 0.4354643225669861 alpha -0.003 |abs| 1.326 (1409s)
eval @ 300: TabPFN-M R2 0.3479 (pretrained TabPFN 0.3492); alphas [0.13, 0.01, 0.17, 0.07, -0.02, -0.1, -0.07, -0.25, -0.17, -0.14, -0.2, 0.13, 0.13, -0.16, -0.02, 0.01, 0.33, 0.09]
