eval: pretrained TabPFN R2 0.3492
step   10 loss 1.1459 task 1.1023 aux 0.43600979447364807 alpha +0.003 |abs| 0.062 (64s)
step   20 loss 0.9700 task 0.9276 aux 0.4243410527706146 alpha +0.006 |abs| 0.196 (108s)
step   30 loss 1.2916 task 1.2467 aux 0.4486520290374756 alpha +0.002 |abs| 0.325 (145s)
step   40 loss 1.1458 task 1.0993 aux 0.4646438658237457 alpha -0.001 |abs| 0.463 (179s)
step   50 loss 0.9208 task 0.8772 aux 0.4354774057865143 alpha -0.006 |abs| 0.595 (210s)
eval @ 50: TabPFN-M R2 0.3373 (pretrained TabPFN 0.3492); alphas [0.02, -0.04, 0.01, 0.02, -0.02, -0.03, -0.02, -0.08, -0.04, -0.04, -0.08, 0.06, 0.05, -0.02, -0.01, 0.02, 0.08, 0.01]
step   60 loss 0.9180 task 0.8758 aux 0.42214784026145935 alpha -0.010 |abs| 0.739 (246s)
step   70 loss 1.1778 task 1.1349 aux 0.4288203716278076 alpha -0.017 |abs| 0.820 (277s)
step   80 loss 1.0190 task 0.9786 aux 0.40384742617607117 alpha -0.020 |abs| 0.856 (311s)
step   90 loss 1.1972 task 1.1500 aux 0.4725804328918457 alpha -0.021 |abs| 0.900 (342s)
step  100 loss 1.2102 task 1.1632 aux 0.46994349360466003 alpha -0.023 |abs| 0.935 (373s)
eval @ 100: TabPFN-M R2 0.3404 (pretrained TabPFN 0.3492); alphas [-0.0, -0.05, -0.01, 0.03, -0.02, -0.04, -0.07, -0.15, -0.09, -0.12, -0.16, 0.03, 0.15, -0.0, -0.06, 0.03, 0.15, -0.02]
step  110 loss 1.1387 task 1.0973 aux 0.4139760732650757 alpha -0.025 |abs| 0.966 (410s)
step  120 loss 1.3583 task 1.3171 aux 0.41188764572143555 alpha -0.027 |abs| 1.002 (440s)
step  130 loss 1.0395 task 0.9995 aux 0.3998050093650818 alpha -0.028 |abs| 1.043 (471s)
step  140 loss 1.1871 task 1.1442 aux 0.4284546375274658 alpha -0.024 |abs| 1.062 (503s)
step  150 loss 0.9174 task 0.8743 aux 0.431665301322937 alpha -0.020 |abs| 1.113 (535s)
eval @ 150: TabPFN-M R2 0.3340 (pretrained TabPFN 0.3492); alphas [0.04, -0.05, 0.02, 0.05, -0.04, -0.07, -0.11, -0.19, -0.14, -0.13, -0.19, 0.08, 0.15, -0.01, -0.06, 0.05, 0.24, -0.01]
step  160 loss 1.2183 task 1.1751 aux 0.4320826828479767 alpha -0.020 |abs| 1.158 (590s)
step  170 loss 1.0508 task 1.0088 aux 0.4197119176387787 alpha -0.020 |abs| 1.193 (659s)
step  180 loss 0.8413 task 0.8019 aux 0.39412492513656616 alpha -0.019 |abs| 1.229 (722s)
step  190 loss 1.1585 task 1.1147 aux 0.4381532669067383 alpha -0.018 |abs| 1.253 (776s)
step  200 loss 1.0018 task 0.9606 aux 0.41151162981987 alpha -0.018 |abs| 1.274 (839s)
eval @ 200: TabPFN-M R2 0.3352 (pretrained TabPFN 0.3492); alphas [0.06, -0.06, 0.03, 0.04, -0.03, -0.07, -0.11, -0.21, -0.16, -0.14, -0.19, 0.09, 0.18, -0.02, -0.08, 0.06, 0.29, -0.0]
step  210 loss 0.7786 task 0.7356 aux 0.430010050535202 alpha -0.018 |abs| 1.297 (918s)
step  220 loss 0.8755 task 0.8338 aux 0.41690322756767273 alpha -0.018 |abs| 1.315 (979s)
step  230 loss 1.0310 task 0.9894 aux 0.416138231754303 alpha -0.017 |abs| 1.327 (1042s)
step  240 loss 1.1478 task 1.1048 aux 0.4300794303417206 alpha -0.017 |abs| 1.336 (1096s)
step  250 loss 1.0636 task 1.0224 aux 0.41136130690574646 alpha -0.017 |abs| 1.343 (1153s)
eval @ 250: TabPFN-M R2 0.3350 (pretrained TabPFN 0.3492); alphas [0.07, -0.06, 0.03, 0.05, -0.03, -0.07, -0.11, -0.22, -0.17, -0.14, -0.2, 0.09, 0.19, -0.02, -0.09, 0.06, 0.3, 0.0]
step  260 loss 0.8568 task 0.8127 aux 0.44143733382225037 alpha -0.017 |abs| 1.346 (1223s)
step  270 loss 1.0940 task 1.0518 aux 0.4220554828643799 alpha -0.016 |abs| 1.347 (1291s)
step  280 loss 1.0831 task 1.0405 aux 0.4254303276538849 alpha -0.016 |abs| 1.348 (1356s)
step  290 loss 1.0387 task 0.9983 aux 0.40400663018226624 alpha -0.016 |abs| 1.348 (1414s)
step  300 loss 0.7909 task 0.7473 aux 0.43541112542152405 alpha -0.016 |abs| 1.348 (1473s)
eval @ 300: TabPFN-M R2 0.3347 (pretrained TabPFN 0.3492); alphas [0.06, -0.06, 0.03, 0.05, -0.03, -0.07, -0.11, -0.22, -0.17, -0.14, -0.2, 0.09, 0.19, -0.02, -0.09, 0.07, 0.31, 0.0]
