seed=0 friedman1_7f     none         hgb          R2= 0.9084 RMSE=  1.4561 (0.1s)
seed=0 friedman1_7f     none         tabpfn       R2= 0.9873 RMSE=  0.5426 (2.8s)
seed=0 friedman1_7f     none         tabpfn_mean  R2= 0.9873 RMSE=  0.5426 (1.9s)
seed=0 friedman1_7f     none         m_mask       R2= 0.9873 RMSE=  0.5426 (2.3s)
seed=0 friedman1_7f     none         m_mask_bias  R2= 0.9873 RMSE=  0.5426 (3.0s)
seed=0 friedman1_7f     none         m_bias       R2= 0.9873 RMSE=  0.5426 (3.6s)
seed=0 friedman1_7f     mcar30       hgb          R2= 0.5822 RMSE=  3.1094 (0.2s)
seed=0 friedman1_7f     mcar30       tabpfn       R2= 0.6505 RMSE=  2.8438 (4.0s)
seed=0 friedman1_7f     mcar30       tabpfn_mean  R2= 0.6177 RMSE=  2.9745 (5.3s)
seed=0 friedman1_7f     mcar30       m_mask       R2= 0.6488 RMSE=  2.8511 (6.4s)
seed=0 friedman1_7f     mcar30       m_mask_bias  R2= 0.6518 RMSE=  2.8389 (8.1s)
seed=0 friedman1_7f     mcar30       m_bias       R2= 0.6541 RMSE=  2.8295 (8.0s)
seed=0 friedman1_7f     mcar50       hgb          R2= 0.2852 RMSE=  4.0671 (0.8s)
seed=0 friedman1_7f     mcar50       tabpfn       R2= 0.4113 RMSE=  3.6910 (7.8s)
seed=0 friedman1_7f     mcar50       tabpfn_mean  R2= 0.3455 RMSE=  3.8918 (6.2s)
seed=0 friedman1_7f     mcar50       m_mask       R2= 0.4134 RMSE=  3.6845 (6.7s)
seed=0 friedman1_7f     mcar50       m_mask_bias  R2= 0.4040 RMSE=  3.7140 (7.1s)
seed=0 friedman1_7f     mcar50       m_bias       R2= 0.4032 RMSE=  3.7163 (6.3s)
seed=0 friedman1_7f     block3-4of7  hgb          R2= 0.3608 RMSE=  3.8463 (0.4s)
seed=0 friedman1_7f     block3-4of7  tabpfn       R2= 0.4328 RMSE=  3.6229 (5.5s)
seed=0 friedman1_7f     block3-4of7  tabpfn_mean  R2= 0.4216 RMSE=  3.6587 (5.5s)
seed=0 friedman1_7f     block3-4of7  m_mask       R2= 0.4332 RMSE=  3.6217 (5.2s)
seed=0 friedman1_7f     block3-4of7  m_mask_bias  R2= 0.4282 RMSE=  3.6376 (5.2s)
seed=0 friedman1_7f     block3-4of7  m_bias       R2= 0.4280 RMSE=  3.6382 (4.4s)
seed=0 friedman1_7f     block2-5     hgb          R2= 0.2881 RMSE=  4.0589 (0.2s)
seed=0 friedman1_7f     block2-5     tabpfn       R2= 0.4222 RMSE=  3.6569 (3.7s)
seed=0 friedman1_7f     block2-5     tabpfn_mean  R2= 0.4123 RMSE=  3.6881 (3.5s)
seed=0 friedman1_7f     block2-5     m_mask       R2= 0.4240 RMSE=  3.6511 (4.1s)
seed=0 friedman1_7f     block2-5     m_mask_bias  R2= 0.4233 RMSE=  3.6534 (3.9s)
seed=0 friedman1_7f     block2-5     m_bias       R2= 0.4220 RMSE=  3.6576 (3.3s)
seed=0 diabetes         none         hgb          R2= 0.2774 RMSE= 60.7144 (0.2s)
seed=0 diabetes         none         tabpfn       R2= 0.3854 RMSE= 55.9951 (3.2s)
seed=0 diabetes         none         tabpfn_mean  R2= 0.3854 RMSE= 55.9951 (3.2s)
seed=0 diabetes         none         m_mask       R2= 0.3854 RMSE= 55.9951 (3.5s)
seed=0 diabetes         none         m_mask_bias  R2= 0.3854 RMSE= 55.9951 (3.6s)
seed=0 diabetes         none         m_bias       R2= 0.3854 RMSE= 55.9951 (3.4s)
seed=0 diabetes         mcar30       hgb          R2= 0.0806 RMSE= 68.4869 (0.2s)
seed=0 diabetes         mcar30       tabpfn       R2= 0.2512 RMSE= 61.8081 (3.5s)
seed=0 diabetes         mcar30       tabpfn_mean  R2= 0.2315 RMSE= 62.6142 (3.6s)
seed=0 diabetes         mcar30       m_mask       R2= 0.2545 RMSE= 61.6703 (4.3s)
seed=0 diabetes         mcar30       m_mask_bias  R2= 0.2504 RMSE= 61.8399 (4.5s)
seed=0 diabetes         mcar30       m_bias       R2= 0.2466 RMSE= 61.9971 (3.5s)
seed=0 diabetes         mcar50       hgb          R2= 0.1922 RMSE= 64.1935 (0.2s)
seed=0 diabetes         mcar50       tabpfn       R2= 0.3386 RMSE= 58.0889 (3.4s)
seed=0 diabetes         mcar50       tabpfn_mean  R2= 0.3508 RMSE= 57.5495 (3.5s)
seed=0 diabetes         mcar50       m_mask       R2= 0.3362 RMSE= 58.1913 (3.9s)
seed=0 diabetes         mcar50       m_mask_bias  R2= 0.3331 RMSE= 58.3267 (4.1s)
seed=0 diabetes         mcar50       m_bias       R2= 0.3351 RMSE= 58.2396 (3.9s)
seed=0 diabetes         block3-4of7  hgb          R2=-0.0509 RMSE= 73.2216 (0.2s)
seed=0 diabetes         block3-4of7  tabpfn       R2= 0.2119 RMSE= 63.4063 (3.3s)
seed=0 diabetes         block3-4of7  tabpfn_mean  R2= 0.2233 RMSE= 62.9451 (3.0s)
seed=0 diabetes         block3-4of7  m_mask       R2= 0.2144 RMSE= 63.3052 (3.7s)
seed=0 diabetes         block3-4of7  m_mask_bias  R2= 0.2051 RMSE= 63.6789 (4.1s)
seed=0 diabetes         block3-4of7  m_bias       R2= 0.2031 RMSE= 63.7588 (3.5s)
seed=0 diabetes         block2-5     hgb          R2=-0.1169 RMSE= 75.4849 (0.2s)
seed=0 diabetes         block2-5     tabpfn       R2= 0.1472 RMSE= 65.9580 (3.2s)
seed=0 diabetes         block2-5     tabpfn_mean  R2= 0.1268 RMSE= 66.7417 (2.9s)
seed=0 diabetes         block2-5     m_mask       R2= 0.1462 RMSE= 65.9980 (3.8s)
seed=0 diabetes         block2-5     m_mask_bias  R2= 0.1399 RMSE= 66.2400 (4.4s)
seed=0 diabetes         block2-5     m_bias       R2= 0.1374 RMSE= 66.3354 (4.2s)
seed=0 compaction_MDD   none         hgb          R2= 0.6917 RMSE=  0.1257 (0.2s)
seed=0 compaction_MDD   none         tabpfn       R2= 0.7414 RMSE=  0.1151 (4.4s)
seed=0 compaction_MDD   none         tabpfn_mean  R2= 0.7414 RMSE=  0.1151 (5.4s)
seed=0 compaction_MDD   none         m_mask       R2= 0.7414 RMSE=  0.1151 (6.4s)
seed=0 compaction_MDD   none         m_mask_bias  R2= 0.7414 RMSE=  0.1151 (7.1s)
seed=0 compaction_MDD   none         m_bias       R2= 0.7414 RMSE=  0.1151 (6.3s)
seed=0 compaction_MDD   mcar30       hgb          R2= 0.5477 RMSE=  0.1522 (0.5s)
seed=0 compaction_MDD   mcar30       tabpfn       R2= 0.6123 RMSE=  0.1409 (6.3s)
seed=0 compaction_MDD   mcar30       tabpfn_mean  R2= 0.5813 RMSE=  0.1464 (6.2s)
seed=0 compaction_MDD   mcar30       m_mask       R2= 0.6110 RMSE=  0.1412 (7.0s)
seed=0 compaction_MDD   mcar30       m_mask_bias  R2= 0.6105 RMSE=  0.1412 (7.8s)
seed=0 compaction_MDD   mcar30       m_bias       R2= 0.6116 RMSE=  0.1411 (7.4s)
seed=0 compaction_MDD   mcar50       hgb          R2= 0.4031 RMSE=  0.1749 (0.5s)
seed=0 compaction_MDD   mcar50       tabpfn       R2= 0.4866 RMSE=  0.1622 (6.6s)
seed=0 compaction_MDD   mcar50       tabpfn_mean  R2= 0.4537 RMSE=  0.1673 (6.3s)
seed=0 compaction_MDD   mcar50       m_mask       R2= 0.4867 RMSE=  0.1621 (7.2s)
seed=0 compaction_MDD   mcar50       m_mask_bias  R2= 0.4861 RMSE=  0.1623 (8.4s)
seed=0 compaction_MDD   mcar50       m_bias       R2= 0.4847 RMSE=  0.1625 (7.5s)
seed=0 compaction_MDD   block3-4of7  hgb          R2= 0.4542 RMSE=  0.1672 (0.5s)
seed=0 compaction_MDD   block3-4of7  tabpfn       R2= 0.5113 RMSE=  0.1582 (7.2s)
seed=0 compaction_MDD   block3-4of7  tabpfn_mean  R2= 0.5174 RMSE=  0.1572 (7.5s)
seed=0 compaction_MDD   block3-4of7  m_mask       R2= 0.5123 RMSE=  0.1581 (10.8s)
seed=0 compaction_MDD   block3-4of7  m_mask_bias  R2= 0.5094 RMSE=  0.1585 (8.6s)
seed=0 compaction_MDD   block3-4of7  m_bias       R2= 0.5102 RMSE=  0.1584 (9.8s)
seed=0 compaction_MDD   block2-5     hgb          R2= 0.4966 RMSE=  0.1606 (0.6s)
seed=0 compaction_MDD   block2-5     tabpfn       R2= 0.5428 RMSE=  0.1530 (7.7s)
seed=0 compaction_MDD   block2-5     tabpfn_mean  R2= 0.5393 RMSE=  0.1536 (6.9s)
seed=0 compaction_MDD   block2-5     m_mask       R2= 0.5427 RMSE=  0.1531 (8.6s)
seed=0 compaction_MDD   block2-5     m_mask_bias  R2= 0.5366 RMSE=  0.1541 (8.9s)
seed=0 compaction_MDD   block2-5     m_bias       R2= 0.5359 RMSE=  0.1542 (8.4s)
seed=1 friedman1_7f     none         hgb          R2= 0.9340 RMSE=  1.3140 (0.7s)
seed=1 friedman1_7f     none         tabpfn       R2= 0.9878 RMSE=  0.5660 (7.7s)
seed=1 friedman1_7f     none         tabpfn_mean  R2= 0.9878 RMSE=  0.5660 (6.6s)
seed=1 friedman1_7f     none         m_mask       R2= 0.9878 RMSE=  0.5660 (7.9s)
seed=1 friedman1_7f     none         m_mask_bias  R2= 0.9878 RMSE=  0.5660 (8.7s)
seed=1 friedman1_7f     none         m_bias       R2= 0.9878 RMSE=  0.5660 (7.9s)
seed=1 friedman1_7f     mcar30       hgb          R2= 0.5402 RMSE=  3.4686 (0.9s)
seed=1 friedman1_7f     mcar30       tabpfn       R2= 0.6858 RMSE=  2.8673 (6.8s)
seed=1 friedman1_7f     mcar30       tabpfn_mean  R2= 0.6726 RMSE=  2.9268 (6.6s)
seed=1 friedman1_7f     mcar30       m_mask       R2= 0.6876 RMSE=  2.8590 (7.4s)
seed=1 friedman1_7f     mcar30       m_mask_bias  R2= 0.6802 RMSE=  2.8930 (7.6s)
seed=1 friedman1_7f     mcar30       m_bias       R2= 0.6781 RMSE=  2.9024 (6.7s)
seed=1 friedman1_7f     mcar50       hgb          R2= 0.5031 RMSE=  3.6058 (0.7s)
seed=1 friedman1_7f     mcar50       tabpfn       R2= 0.5730 RMSE=  3.3427 (6.4s)
seed=1 friedman1_7f     mcar50       tabpfn_mean  R2= 0.5454 RMSE=  3.4488 (6.5s)
seed=1 friedman1_7f     mcar50       m_mask       R2= 0.5737 RMSE=  3.3398 (6.9s)
seed=1 friedman1_7f     mcar50       m_mask_bias  R2= 0.5742 RMSE=  3.3379 (7.5s)
seed=1 friedman1_7f     mcar50       m_bias       R2= 0.5730 RMSE=  3.3425 (7.0s)
seed=1 friedman1_7f     block3-4of7  hgb          R2= 0.2048 RMSE=  4.5616 (0.6s)
seed=1 friedman1_7f     block3-4of7  tabpfn       R2= 0.3558 RMSE=  4.1056 (6.6s)
seed=1 friedman1_7f     block3-4of7  tabpfn_mean  R2= 0.3559 RMSE=  4.1054 (6.5s)
seed=1 friedman1_7f     block3-4of7  m_mask       R2= 0.3551 RMSE=  4.1080 (7.1s)
seed=1 friedman1_7f     block3-4of7  m_mask_bias  R2= 0.3482 RMSE=  4.1298 (7.8s)
seed=1 friedman1_7f     block3-4of7  m_bias       R2= 0.3481 RMSE=  4.1301 (7.3s)
seed=1 friedman1_7f     block2-5     hgb          R2= 0.1350 RMSE=  4.7575 (0.4s)
seed=1 friedman1_7f     block2-5     tabpfn       R2= 0.2807 RMSE=  4.3384 (5.5s)
seed=1 friedman1_7f     block2-5     tabpfn_mean  R2= 0.2891 RMSE=  4.3129 (5.3s)
seed=1 friedman1_7f     block2-5     m_mask       R2= 0.2787 RMSE=  4.3443 (6.1s)
seed=1 friedman1_7f     block2-5     m_mask_bias  R2= 0.2735 RMSE=  4.3602 (6.9s)
seed=1 friedman1_7f     block2-5     m_bias       R2= 0.2761 RMSE=  4.3522 (6.0s)
seed=1 diabetes         none         hgb          R2= 0.2956 RMSE= 59.5492 (0.3s)
seed=1 diabetes         none         tabpfn       R2= 0.3985 RMSE= 55.0300 (5.7s)
seed=1 diabetes         none         tabpfn_mean  R2= 0.3985 RMSE= 55.0300 (5.6s)
seed=1 diabetes         none         m_mask       R2= 0.3985 RMSE= 55.0300 (6.2s)
seed=1 diabetes         none         m_mask_bias  R2= 0.3985 RMSE= 55.0300 (6.5s)
seed=1 diabetes         none         m_bias       R2= 0.3985 RMSE= 55.0300 (5.7s)
seed=1 diabetes         mcar30       hgb          R2= 0.2427 RMSE= 61.7453 (0.3s)
seed=1 diabetes         mcar30       tabpfn       R2= 0.2990 RMSE= 59.4074 (5.4s)
seed=1 diabetes         mcar30       tabpfn_mean  R2= 0.2829 RMSE= 60.0841 (4.9s)
seed=1 diabetes         mcar30       m_mask       R2= 0.3056 RMSE= 59.1263 (5.6s)
seed=1 diabetes         mcar30       m_mask_bias  R2= 0.3039 RMSE= 59.1990 (6.2s)
seed=1 diabetes         mcar30       m_bias       R2= 0.2972 RMSE= 59.4813 (5.5s)
seed=1 diabetes         mcar50       hgb          R2= 0.2494 RMSE= 61.4735 (0.3s)
seed=1 diabetes         mcar50       tabpfn       R2= 0.2848 RMSE= 60.0056 (4.9s)
seed=1 diabetes         mcar50       tabpfn_mean  R2= 0.2843 RMSE= 60.0284 (5.0s)
seed=1 diabetes         mcar50       m_mask       R2= 0.2776 RMSE= 60.3053 (5.6s)
seed=1 diabetes         mcar50       m_mask_bias  R2= 0.2806 RMSE= 60.1799 (5.9s)
seed=1 diabetes         mcar50       m_bias       R2= 0.2878 RMSE= 59.8792 (5.1s)
seed=1 diabetes         block3-4of7  hgb          R2= 0.1408 RMSE= 65.7705 (0.2s)
seed=1 diabetes         block3-4of7  tabpfn       R2= 0.2414 RMSE= 61.7982 (5.2s)
seed=1 diabetes         block3-4of7  tabpfn_mean  R2= 0.2358 RMSE= 62.0272 (4.4s)
seed=1 diabetes         block3-4of7  m_mask       R2= 0.2432 RMSE= 61.7269 (5.5s)
seed=1 diabetes         block3-4of7  m_mask_bias  R2= 0.2279 RMSE= 62.3451 (5.9s)
seed=1 diabetes         block3-4of7  m_bias       R2= 0.2265 RMSE= 62.4039 (5.9s)
seed=1 diabetes         block2-5     hgb          R2=-0.1657 RMSE= 76.6068 (0.3s)
seed=1 diabetes         block2-5     tabpfn       R2= 0.0664 RMSE= 68.5561 (5.2s)
seed=1 diabetes         block2-5     tabpfn_mean  R2= 0.0713 RMSE= 68.3784 (5.4s)
seed=1 diabetes         block2-5     m_mask       R2= 0.0671 RMSE= 68.5305 (5.9s)
seed=1 diabetes         block2-5     m_mask_bias  R2= 0.0691 RMSE= 68.4587 (6.0s)
seed=1 diabetes         block2-5     m_bias       R2= 0.0700 RMSE= 68.4253 (5.5s)
seed=1 compaction_MDD   none         hgb          R2= 0.7945 RMSE=  0.0944 (0.3s)
seed=1 compaction_MDD   none         tabpfn       R2= 0.8006 RMSE=  0.0930 (5.0s)
seed=1 compaction_MDD   none         tabpfn_mean  R2= 0.8006 RMSE=  0.0930 (5.0s)
seed=1 compaction_MDD   none         m_mask       R2= 0.8006 RMSE=  0.0930 (4.2s)
seed=1 compaction_MDD   none         m_mask_bias  R2= 0.8006 RMSE=  0.0930 (4.5s)
seed=1 compaction_MDD   none         m_bias       R2= 0.8006 RMSE=  0.0930 (4.0s)
seed=1 compaction_MDD   mcar30       hgb          R2= 0.6053 RMSE=  0.1308 (0.2s)
seed=1 compaction_MDD   mcar30       tabpfn       R2= 0.6879 RMSE=  0.1163 (3.7s)
seed=1 compaction_MDD   mcar30       tabpfn_mean  R2= 0.6648 RMSE=  0.1206 (3.6s)
seed=1 compaction_MDD   mcar30       m_mask       R2= 0.6858 RMSE=  0.1167 (4.2s)
seed=1 compaction_MDD   mcar30       m_mask_bias  R2= 0.6799 RMSE=  0.1178 (4.6s)
seed=1 compaction_MDD   mcar30       m_bias       R2= 0.6820 RMSE=  0.1174 (4.2s)
seed=1 compaction_MDD   mcar50       hgb          R2= 0.4870 RMSE=  0.1491 (0.2s)
seed=1 compaction_MDD   mcar50       tabpfn       R2= 0.5666 RMSE=  0.1371 (3.6s)
seed=1 compaction_MDD   mcar50       tabpfn_mean  R2= 0.5229 RMSE=  0.1438 (3.6s)
seed=1 compaction_MDD   mcar50       m_mask       R2= 0.5631 RMSE=  0.1376 (4.3s)
seed=1 compaction_MDD   mcar50       m_mask_bias  R2= 0.5628 RMSE=  0.1377 (4.6s)
seed=1 compaction_MDD   mcar50       m_bias       R2= 0.5668 RMSE=  0.1371 (4.2s)
seed=1 compaction_MDD   block3-4of7  hgb          R2= 0.4816 RMSE=  0.1499 (0.2s)
seed=1 compaction_MDD   block3-4of7  tabpfn       R2= 0.5136 RMSE=  0.1452 (3.8s)
seed=1 compaction_MDD   block3-4of7  tabpfn_mean  R2= 0.5181 RMSE=  0.1446 (4.1s)
seed=1 compaction_MDD   block3-4of7  m_mask       R2= 0.5127 RMSE=  0.1454 (4.3s)
seed=1 compaction_MDD   block3-4of7  m_mask_bias  R2= 0.5094 RMSE=  0.1458 (5.0s)
seed=1 compaction_MDD   block3-4of7  m_bias       R2= 0.5098 RMSE=  0.1458 (4.3s)
seed=1 compaction_MDD   block2-5     hgb          R2= 0.4927 RMSE=  0.1483 (0.3s)
seed=1 compaction_MDD   block2-5     tabpfn       R2= 0.5598 RMSE=  0.1382 (4.0s)
seed=1 compaction_MDD   block2-5     tabpfn_mean  R2= 0.5407 RMSE=  0.1411 (3.9s)
seed=1 compaction_MDD   block2-5     m_mask       R2= 0.5605 RMSE=  0.1380 (4.4s)
seed=1 compaction_MDD   block2-5     m_mask_bias  R2= 0.5538 RMSE=  0.1391 (4.8s)
seed=1 compaction_MDD   block2-5     m_bias       R2= 0.5540 RMSE=  0.1391 (4.4s)
seed=2 friedman1_7f     none         hgb          R2= 0.9258 RMSE=  1.4423 (0.2s)
seed=2 friedman1_7f     none         tabpfn       R2= 0.9889 RMSE=  0.5589 (4.2s)
seed=2 friedman1_7f     none         tabpfn_mean  R2= 0.9889 RMSE=  0.5589 (4.9s)
seed=2 friedman1_7f     none         m_mask       R2= 0.9889 RMSE=  0.5589 (5.5s)
seed=2 friedman1_7f     none         m_mask_bias  R2= 0.9889 RMSE=  0.5589 (7.5s)
seed=2 friedman1_7f     none         m_bias       R2= 0.9889 RMSE=  0.5589 (7.2s)
seed=2 friedman1_7f     mcar30       hgb          R2= 0.5598 RMSE=  3.5127 (0.3s)
seed=2 friedman1_7f     mcar30       tabpfn       R2= 0.6622 RMSE=  3.0772 (4.6s)
seed=2 friedman1_7f     mcar30       tabpfn_mean  R2= 0.6007 RMSE=  3.3454 (4.4s)
seed=2 friedman1_7f     mcar30       m_mask       R2= 0.6582 RMSE=  3.0952 (5.1s)
seed=2 friedman1_7f     mcar30       m_mask_bias  R2= 0.6599 RMSE=  3.0873 (5.7s)
seed=2 friedman1_7f     mcar30       m_bias       R2= 0.6643 RMSE=  3.0675 (4.9s)
seed=2 friedman1_7f     mcar50       hgb          R2= 0.4168 RMSE=  4.0432 (0.3s)
seed=2 friedman1_7f     mcar50       tabpfn       R2= 0.5076 RMSE=  3.7151 (5.1s)
seed=2 friedman1_7f     mcar50       tabpfn_mean  R2= 0.4781 RMSE=  3.8247 (5.3s)
seed=2 friedman1_7f     mcar50       m_mask       R2= 0.5031 RMSE=  3.7320 (5.9s)
seed=2 friedman1_7f     mcar50       m_mask_bias  R2= 0.5050 RMSE=  3.7249 (7.8s)
seed=2 friedman1_7f     mcar50       m_bias       R2= 0.5086 RMSE=  3.7113 (6.5s)
seed=2 friedman1_7f     block3-4of7  hgb          R2= 0.3503 RMSE=  4.2673 (0.3s)
seed=2 friedman1_7f     block3-4of7  tabpfn       R2= 0.4475 RMSE=  3.9352 (4.8s)
seed=2 friedman1_7f     block3-4of7  tabpfn_mean  R2= 0.4465 RMSE=  3.9386 (4.7s)
seed=2 friedman1_7f     block3-4of7  m_mask       R2= 0.4468 RMSE=  3.9376 (6.4s)
seed=2 friedman1_7f     block3-4of7  m_mask_bias  R2= 0.4489 RMSE=  3.9302 (7.8s)
seed=2 friedman1_7f     block3-4of7  m_bias       R2= 0.4499 RMSE=  3.9266 (7.2s)
seed=2 friedman1_7f     block2-5     hgb          R2= 0.4890 RMSE=  3.7846 (0.7s)
seed=2 friedman1_7f     block2-5     tabpfn       R2= 0.5487 RMSE=  3.5565 (6.7s)
seed=2 friedman1_7f     block2-5     tabpfn_mean  R2= 0.5517 RMSE=  3.5448 (6.6s)
seed=2 friedman1_7f     block2-5     m_mask       R2= 0.5506 RMSE=  3.5489 (7.4s)
seed=2 friedman1_7f     block2-5     m_mask_bias  R2= 0.5495 RMSE=  3.5534 (7.9s)
seed=2 friedman1_7f     block2-5     m_bias       R2= 0.5469 RMSE=  3.5637 (7.1s)
seed=2 diabetes         none         hgb          R2= 0.3576 RMSE= 61.3262 (0.5s)
seed=2 diabetes         none         tabpfn       R2= 0.4878 RMSE= 54.7604 (6.5s)
seed=2 diabetes         none         tabpfn_mean  R2= 0.4878 RMSE= 54.7604 (6.4s)
seed=2 diabetes         none         m_mask       R2= 0.4878 RMSE= 54.7604 (7.0s)
seed=2 diabetes         none         m_mask_bias  R2= 0.4878 RMSE= 54.7604 (7.4s)
seed=2 diabetes         none         m_bias       R2= 0.4878 RMSE= 54.7604 (6.0s)
seed=2 diabetes         mcar30       hgb          R2= 0.3095 RMSE= 63.5808 (0.3s)
seed=2 diabetes         mcar30       tabpfn       R2= 0.3945 RMSE= 59.5392 (5.9s)
seed=2 diabetes         mcar30       tabpfn_mean  R2= 0.3770 RMSE= 60.3919 (5.7s)
seed=2 diabetes         mcar30       m_mask       R2= 0.3972 RMSE= 59.4068 (7.1s)
seed=2 diabetes         mcar30       m_mask_bias  R2= 0.3917 RMSE= 59.6755 (7.1s)
seed=2 diabetes         mcar30       m_bias       R2= 0.3891 RMSE= 59.8020 (6.1s)
seed=2 diabetes         mcar50       hgb          R2= 0.2679 RMSE= 65.4649 (0.4s)
seed=2 diabetes         mcar50       tabpfn       R2= 0.3485 RMSE= 61.7558 (5.7s)
seed=2 diabetes         mcar50       tabpfn_mean  R2= 0.3528 RMSE= 61.5518 (5.6s)
seed=2 diabetes         mcar50       m_mask       R2= 0.3495 RMSE= 61.7128 (6.6s)
seed=2 diabetes         mcar50       m_mask_bias  R2= 0.3486 RMSE= 61.7536 (7.2s)
seed=2 diabetes         mcar50       m_bias       R2= 0.3473 RMSE= 61.8144 (6.4s)
seed=2 diabetes         block3-4of7  hgb          R2= 0.1331 RMSE= 71.2401 (0.3s)
seed=2 diabetes         block3-4of7  tabpfn       R2= 0.2562 RMSE= 65.9875 (5.8s)
seed=2 diabetes         block3-4of7  tabpfn_mean  R2= 0.2571 RMSE= 65.9501 (5.9s)
seed=2 diabetes         block3-4of7  m_mask       R2= 0.2554 RMSE= 66.0213 (6.3s)
seed=2 diabetes         block3-4of7  m_mask_bias  R2= 0.2559 RMSE= 66.0011 (7.0s)
seed=2 diabetes         block3-4of7  m_bias       R2= 0.2527 RMSE= 66.1437 (6.5s)
seed=2 diabetes         block2-5     hgb          R2= 0.1679 RMSE= 69.7961 (0.5s)
seed=2 diabetes         block2-5     tabpfn       R2= 0.2925 RMSE= 64.3584 (6.3s)
seed=2 diabetes         block2-5     tabpfn_mean  R2= 0.2723 RMSE= 65.2712 (5.9s)
seed=2 diabetes         block2-5     m_mask       R2= 0.2900 RMSE= 64.4717 (6.8s)
seed=2 diabetes         block2-5     m_mask_bias  R2= 0.2885 RMSE= 64.5410 (7.3s)
seed=2 diabetes         block2-5     m_bias       R2= 0.2921 RMSE= 64.3746 (6.5s)
seed=2 compaction_MDD   none         hgb          R2= 0.7373 RMSE=  0.1174 (0.4s)
seed=2 compaction_MDD   none         tabpfn       R2= 0.7729 RMSE=  0.1091 (4.9s)
seed=2 compaction_MDD   none         tabpfn_mean  R2= 0.7729 RMSE=  0.1091 (4.3s)
seed=2 compaction_MDD   none         m_mask       R2= 0.7729 RMSE=  0.1091 (4.4s)
seed=2 compaction_MDD   none         m_mask_bias  R2= 0.7729 RMSE=  0.1091 (5.0s)
seed=2 compaction_MDD   none         m_bias       R2= 0.7729 RMSE=  0.1091 (4.4s)
seed=2 compaction_MDD   mcar30       hgb          R2= 0.6059 RMSE=  0.1438 (0.2s)
seed=2 compaction_MDD   mcar30       tabpfn       R2= 0.6823 RMSE=  0.1291 (4.4s)
seed=2 compaction_MDD   mcar30       tabpfn_mean  R2= 0.6683 RMSE=  0.1319 (4.8s)
seed=2 compaction_MDD   mcar30       m_mask       R2= 0.6846 RMSE=  0.1286 (5.6s)
seed=2 compaction_MDD   mcar30       m_mask_bias  R2= 0.6786 RMSE=  0.1298 (6.3s)
seed=2 compaction_MDD   mcar30       m_bias       R2= 0.6765 RMSE=  0.1303 (5.0s)
seed=2 compaction_MDD   mcar50       hgb          R2= 0.4748 RMSE=  0.1660 (0.3s)
seed=2 compaction_MDD   mcar50       tabpfn       R2= 0.5456 RMSE=  0.1544 (4.6s)
seed=2 compaction_MDD   mcar50       tabpfn_mean  R2= 0.5205 RMSE=  0.1586 (5.1s)
seed=2 compaction_MDD   mcar50       m_mask       R2= 0.5476 RMSE=  0.1540 (6.5s)
seed=2 compaction_MDD   mcar50       m_mask_bias  R2= 0.5391 RMSE=  0.1555 (7.1s)
seed=2 compaction_MDD   mcar50       m_bias       R2= 0.5368 RMSE=  0.1558 (9.1s)
seed=2 compaction_MDD   block3-4of7  hgb          R2= 0.5061 RMSE=  0.1609 (0.8s)
seed=2 compaction_MDD   block3-4of7  tabpfn       R2= 0.5850 RMSE=  0.1475 (9.1s)
seed=2 compaction_MDD   block3-4of7  tabpfn_mean  R2= 0.5675 RMSE=  0.1506 (8.6s)
seed=2 compaction_MDD   block3-4of7  m_mask       R2= 0.5849 RMSE=  0.1475 (9.7s)
seed=2 compaction_MDD   block3-4of7  m_mask_bias  R2= 0.5761 RMSE=  0.1491 (9.8s)
seed=2 compaction_MDD   block3-4of7  m_bias       R2= 0.5760 RMSE=  0.1491 (8.1s)
seed=2 compaction_MDD   block2-5     hgb          R2= 0.5804 RMSE=  0.1483 (0.8s)
seed=2 compaction_MDD   block2-5     tabpfn       R2= 0.5881 RMSE=  0.1470 (7.0s)
seed=2 compaction_MDD   block2-5     tabpfn_mean  R2= 0.5921 RMSE=  0.1463 (6.4s)
seed=2 compaction_MDD   block2-5     m_mask       R2= 0.5887 RMSE=  0.1469 (7.3s)
seed=2 compaction_MDD   block2-5     m_mask_bias  R2= 0.5897 RMSE=  0.1467 (8.3s)
seed=2 compaction_MDD   block2-5     m_bias       R2= 0.5886 RMSE=  0.1469 (6.7s)
# Missingness benchmark

seeds: [0, 1, 2], n_estimators: 4, max_rows: 600

## compaction_MDD / block2-5

| method | R2 mean | R2 std | RMSE mean |
|---|---|---|---|
| m_mask | 0.5640 | 0.0232 | 0.1460 |
| tabpfn | 0.5636 | 0.0229 | 0.1461 |
| m_mask_bias | 0.5600 | 0.0271 | 0.1466 |
| m_bias | 0.5595 | 0.0268 | 0.1467 |
| tabpfn_mean | 0.5574 | 0.0301 | 0.1470 |
| hgb | 0.5233 | 0.0495 | 0.1524 |

## compaction_MDD / block3-4of7

| method | R2 mean | R2 std | RMSE mean |
|---|---|---|---|
| m_mask | 0.5366 | 0.0418 | 0.1503 |
| tabpfn | 0.5366 | 0.0419 | 0.1503 |
| tabpfn_mean | 0.5344 | 0.0287 | 0.1508 |
| m_bias | 0.5320 | 0.0381 | 0.1511 |
| m_mask_bias | 0.5317 | 0.0385 | 0.1512 |
| hgb | 0.4806 | 0.0260 | 0.1594 |

## compaction_MDD / mcar30

| method | R2 mean | R2 std | RMSE mean |
|---|---|---|---|
| tabpfn | 0.6608 | 0.0421 | 0.1288 |
| m_mask | 0.6605 | 0.0428 | 0.1288 |
| m_bias | 0.6567 | 0.0392 | 0.1296 |
| m_mask_bias | 0.6563 | 0.0397 | 0.1296 |
| tabpfn_mean | 0.6382 | 0.0493 | 0.1330 |
| hgb | 0.5863 | 0.0334 | 0.1423 |

## compaction_MDD / mcar50

| method | R2 mean | R2 std | RMSE mean |
|---|---|---|---|
| tabpfn | 0.5329 | 0.0415 | 0.1512 |
| m_mask | 0.5325 | 0.0404 | 0.1513 |
| m_bias | 0.5295 | 0.0416 | 0.1518 |
| m_mask_bias | 0.5293 | 0.0393 | 0.1518 |
| tabpfn_mean | 0.4991 | 0.0393 | 0.1566 |
| hgb | 0.4550 | 0.0453 | 0.1633 |

## compaction_MDD / none

| method | R2 mean | R2 std | RMSE mean |
|---|---|---|---|
| m_bias | 0.7716 | 0.0296 | 0.1057 |
| m_mask_bias | 0.7716 | 0.0296 | 0.1057 |
| tabpfn | 0.7716 | 0.0296 | 0.1057 |
| tabpfn_mean | 0.7716 | 0.0296 | 0.1057 |
| m_mask | 0.7716 | 0.0296 | 0.1057 |
| hgb | 0.7412 | 0.0515 | 0.1125 |

## diabetes / block2-5

| method | R2 mean | R2 std | RMSE mean |
|---|---|---|---|
| tabpfn | 0.1687 | 0.1145 | 66.2908 |
| m_mask | 0.1678 | 0.1130 | 66.3334 |
| m_bias | 0.1665 | 0.1139 | 66.3784 |
| m_mask_bias | 0.1658 | 0.1120 | 66.4132 |
| tabpfn_mean | 0.1568 | 0.1038 | 66.7971 |
| hgb | -0.0382 | 0.1802 | 73.9626 |

## diabetes / block3-4of7

| method | R2 mean | R2 std | RMSE mean |
|---|---|---|---|
| tabpfn_mean | 0.2387 | 0.0170 | 63.6408 |
| m_mask | 0.2377 | 0.0211 | 63.6845 |
| tabpfn | 0.2365 | 0.0225 | 63.7306 |
| m_mask_bias | 0.2297 | 0.0254 | 64.0084 |
| m_bias | 0.2274 | 0.0248 | 64.1021 |
| hgb | 0.0743 | 0.1085 | 70.0774 |

## diabetes / mcar30

| method | R2 mean | R2 std | RMSE mean |
|---|---|---|---|
| m_mask | 0.3191 | 0.0723 | 60.0678 |
| m_mask_bias | 0.3153 | 0.0713 | 60.2381 |
| tabpfn | 0.3149 | 0.0730 | 60.2516 |
| m_bias | 0.3110 | 0.0723 | 60.4268 |
| tabpfn_mean | 0.2971 | 0.0738 | 61.0300 |
| hgb | 0.2109 | 0.1177 | 64.6043 |

## diabetes / mcar50

| method | R2 mean | R2 std | RMSE mean |
|---|---|---|---|
| tabpfn_mean | 0.3293 | 0.0390 | 59.7099 |
| tabpfn | 0.3240 | 0.0343 | 59.9501 |
| m_bias | 0.3234 | 0.0314 | 59.9778 |
| m_mask | 0.3211 | 0.0382 | 60.0698 |
| m_mask_bias | 0.3208 | 0.0356 | 60.0868 |
| hgb | 0.2365 | 0.0395 | 63.7106 |

## diabetes / none

| method | R2 mean | R2 std | RMSE mean |
|---|---|---|---|
| m_mask | 0.4239 | 0.0557 | 55.2618 |
| m_bias | 0.4239 | 0.0557 | 55.2618 |
| m_mask_bias | 0.4239 | 0.0557 | 55.2618 |
| tabpfn | 0.4239 | 0.0557 | 55.2618 |
| tabpfn_mean | 0.4239 | 0.0557 | 55.2618 |
| hgb | 0.3102 | 0.0420 | 60.5299 |

## friedman1_7f / block2-5

| method | R2 mean | R2 std | RMSE mean |
|---|---|---|---|
| m_mask | 0.4178 | 0.1361 | 3.8481 |
| tabpfn_mean | 0.4177 | 0.1314 | 3.8486 |
| tabpfn | 0.4172 | 0.1341 | 3.8506 |
| m_mask_bias | 0.4154 | 0.1382 | 3.8556 |
| m_bias | 0.4150 | 0.1355 | 3.8578 |
| hgb | 0.3040 | 0.1775 | 4.2003 |

## friedman1_7f / block3-4of7

| method | R2 mean | R2 std | RMSE mean |
|---|---|---|---|
| tabpfn | 0.4121 | 0.0493 | 3.8879 |
| m_mask | 0.4117 | 0.0495 | 3.8891 |
| m_bias | 0.4087 | 0.0536 | 3.8983 |
| m_mask_bias | 0.4084 | 0.0532 | 3.8992 |
| tabpfn_mean | 0.4080 | 0.0468 | 3.9009 |
| hgb | 0.3053 | 0.0872 | 4.2251 |

## friedman1_7f / mcar30

| method | R2 mean | R2 std | RMSE mean |
|---|---|---|---|
| tabpfn | 0.6662 | 0.0180 | 2.9294 |
| m_bias | 0.6655 | 0.0121 | 2.9331 |
| m_mask | 0.6649 | 0.0203 | 2.9351 |
| m_mask_bias | 0.6639 | 0.0146 | 2.9397 |
| tabpfn_mean | 0.6303 | 0.0376 | 3.0822 |
| hgb | 0.5607 | 0.0210 | 3.3635 |

## friedman1_7f / mcar50

| method | R2 mean | R2 std | RMSE mean |
|---|---|---|---|
| tabpfn | 0.4973 | 0.0813 | 3.5830 |
| m_mask | 0.4967 | 0.0803 | 3.5854 |
| m_bias | 0.4949 | 0.0857 | 3.5900 |
| m_mask_bias | 0.4944 | 0.0856 | 3.5922 |
| tabpfn_mean | 0.4563 | 0.1017 | 3.7218 |
| hgb | 0.4017 | 0.1097 | 3.9054 |

## friedman1_7f / none

| method | R2 mean | R2 std | RMSE mean |
|---|---|---|---|
| tabpfn | 0.9880 | 0.0008 | 0.5558 |
| tabpfn_mean | 0.9880 | 0.0008 | 0.5558 |
| m_bias | 0.9880 | 0.0008 | 0.5558 |
| m_mask | 0.9880 | 0.0008 | 0.5558 |
| m_mask_bias | 0.9880 | 0.0008 | 0.5558 |
| hgb | 0.9227 | 0.0131 | 1.4041 |

